com\ironedge\config\SecurityConfig.class
com\ironedge\repository\UserRepository.class
com\ironedge\model\Goal.class
com\ironedge\config\SecurityBeans.class
com\ironedge\IronEdgeApplication.class
com\ironedge\service\GoalService.class
com\ironedge\model\User.class
com\ironedge\controller\SummaryController.class
com\ironedge\model\TransactionType.class
com\ironedge\model\Investment.class
com\ironedge\service\DashBoardService.class
com\ironedge\service\BudgetService.class
com\ironedge\controller\DashboardController.class
com\ironedge\repository\GoalRepository.class
com\ironedge\model\Transaction.class
com\ironedge\repository\TransactionRepository.class
com\ironedge\repository\InvestmentRepository.class
com\ironedge\controller\TransactionController.class
com\ironedge\controller\InvestmentController.class
com\ironedge\dto\TransactionDTO.class
com\ironedge\service\UserService.class
com\ironedge\controller\AuthController.class
com\ironedge\DesktopAppLauncher.class
com\ironedge\DesktopLauncher.class
com\ironedge\model\Budget.class
com\ironedge\dto\AuthRequest.class
com\ironedge\controller\GoalController.class
com\ironedge\controller\BudgetController.class
com\ironedge\repository\BudgetRepository.class
com\ironedge\service\TransactionService.class
