C:\Users\gabri\Documents\Repositorios\IronEdge-Project\src\main\java\com\ironedge\repository\UserRepository.java
C:\Users\gabri\Documents\Repositorios\IronEdge-Project\src\main\java\com\ironedge\model\TransactionType.java
C:\Users\gabri\Documents\Repositorios\IronEdge-Project\src\main\java\com\ironedge\controller\BudgetController.java
C:\Users\gabri\Documents\Repositorios\IronEdge-Project\src\main\java\com\ironedge\model\Goal.java
C:\Users\gabri\Documents\Repositorios\IronEdge-Project\src\main\java\com\ironedge\repository\TransactionRepository.java
C:\Users\gabri\Documents\Repositorios\IronEdge-Project\src\main\java\com\ironedge\IronEdgeApplication.java
C:\Users\gabri\Documents\Repositorios\IronEdge-Project\src\main\java\com\ironedge\config\SecurityConfig.java
C:\Users\gabri\Documents\Repositorios\IronEdge-Project\src\main\java\com\ironedge\DesktopLauncher.java
C:\Users\gabri\Documents\Repositorios\IronEdge-Project\src\main\java\com\ironedge\model\Transaction.java
C:\Users\gabri\Documents\Repositorios\IronEdge-Project\src\main\java\com\ironedge\controller\DashboardController.java
C:\Users\gabri\Documents\Repositorios\IronEdge-Project\src\main\java\com\ironedge\repository\GoalRepository.java
C:\Users\gabri\Documents\Repositorios\IronEdge-Project\src\main\java\com\ironedge\model\Budget.java
C:\Users\gabri\Documents\Repositorios\IronEdge-Project\src\main\java\com\ironedge\controller\AuthController.java
C:\Users\gabri\Documents\Repositorios\IronEdge-Project\src\main\java\com\ironedge\model\User.java
C:\Users\gabri\Documents\Repositorios\IronEdge-Project\src\main\java\com\ironedge\service\TransactionService.java
C:\Users\gabri\Documents\Repositorios\IronEdge-Project\src\main\java\com\ironedge\DesktopAppLauncher.java
C:\Users\gabri\Documents\Repositorios\IronEdge-Project\src\main\java\com\ironedge\service\BudgetService.java
C:\Users\gabri\Documents\Repositorios\IronEdge-Project\src\main\java\com\ironedge\service\DashBoardService.java
C:\Users\gabri\Documents\Repositorios\IronEdge-Project\src\main\java\com\ironedge\service\GoalService.java
C:\Users\gabri\Documents\Repositorios\IronEdge-Project\src\main\java\com\ironedge\config\SecurityBeans.java
C:\Users\gabri\Documents\Repositorios\IronEdge-Project\src\main\java\com\ironedge\controller\GoalController.java
C:\Users\gabri\Documents\Repositorios\IronEdge-Project\src\main\java\com\ironedge\service\UserService.java
C:\Users\gabri\Documents\Repositorios\IronEdge-Project\src\main\java\com\ironedge\repository\BudgetRepository.java
C:\Users\gabri\Documents\Repositorios\IronEdge-Project\src\main\java\com\ironedge\controller\SummaryController.java
C:\Users\gabri\Documents\Repositorios\IronEdge-Project\src\main\java\com\ironedge\dto\AuthRequest.java
C:\Users\gabri\Documents\Repositorios\IronEdge-Project\src\main\java\com\ironedge\controller\TransactionController.java
C:\Users\gabri\Documents\Repositorios\IronEdge-Project\src\main\java\com\ironedge\dto\TransactionDTO.java
